------------------------------------------------------------
Timing Analyzer Summary
------------------------------------------------------------

Type  : Slow 1100mV 85C Model Setup 'MOUSE:inst6|MOUSE_CLK_FILTER'
Slack : -7.619
TNS   : -272.715

Type  : Slow 1100mV 85C Model Setup 'inst|pll_inst|altera_pll_i|general[0].gpll~PLL_OUTPUT_COUNTER|divclk'
Slack : -5.113
TNS   : -31.929

Type  : Slow 1100mV 85C Model Setup 'VGA_SYNC:inst2|vert_sync_out'
Slack : -3.918
TNS   : -96.305

Type  : Slow 1100mV 85C Model Hold 'inst|pll_inst|altera_pll_i|general[0].gpll~PLL_OUTPUT_COUNTER|divclk'
Slack : 0.405
TNS   : 0.000

Type  : Slow 1100mV 85C Model Hold 'MOUSE:inst6|MOUSE_CLK_FILTER'
Slack : 0.659
TNS   : 0.000

Type  : Slow 1100mV 85C Model Hold 'VGA_SYNC:inst2|vert_sync_out'
Slack : 0.864
TNS   : 0.000

Type  : Slow 1100mV 85C Model Recovery 'MOUSE:inst6|MOUSE_CLK_FILTER'
Slack : -6.510
TNS   : -96.173

Type  : Slow 1100mV 85C Model Removal 'MOUSE:inst6|MOUSE_CLK_FILTER'
Slack : 4.748
TNS   : 0.000

Type  : Slow 1100mV 85C Model Minimum Pulse Width 'MOUSE:inst6|MOUSE_CLK_FILTER'
Slack : -0.538
TNS   : -31.067

Type  : Slow 1100mV 85C Model Minimum Pulse Width 'VGA_SYNC:inst2|vert_sync_out'
Slack : -0.538
TNS   : -26.034

Type  : Slow 1100mV 85C Model Minimum Pulse Width 'inst|pll_inst|altera_pll_i|general[0].gpll~FRACTIONAL_PLL|vcoph[0]'
Slack : 1.666
TNS   : 0.000

Type  : Slow 1100mV 85C Model Minimum Pulse Width 'clk'
Slack : 9.949
TNS   : 0.000

Type  : Slow 1100mV 85C Model Minimum Pulse Width 'inst|pll_inst|altera_pll_i|general[0].gpll~PLL_OUTPUT_COUNTER|divclk'
Slack : 19.262
TNS   : 0.000

Type  : Slow 1100mV 0C Model Setup 'MOUSE:inst6|MOUSE_CLK_FILTER'
Slack : -7.528
TNS   : -268.761

Type  : Slow 1100mV 0C Model Setup 'inst|pll_inst|altera_pll_i|general[0].gpll~PLL_OUTPUT_COUNTER|divclk'
Slack : -4.610
TNS   : -28.282

Type  : Slow 1100mV 0C Model Setup 'VGA_SYNC:inst2|vert_sync_out'
Slack : -3.897
TNS   : -95.799

Type  : Slow 1100mV 0C Model Hold 'inst|pll_inst|altera_pll_i|general[0].gpll~PLL_OUTPUT_COUNTER|divclk'
Slack : 0.110
TNS   : 0.000

Type  : Slow 1100mV 0C Model Hold 'MOUSE:inst6|MOUSE_CLK_FILTER'
Slack : 0.719
TNS   : 0.000

Type  : Slow 1100mV 0C Model Hold 'VGA_SYNC:inst2|vert_sync_out'
Slack : 0.865
TNS   : 0.000

Type  : Slow 1100mV 0C Model Recovery 'MOUSE:inst6|MOUSE_CLK_FILTER'
Slack : -6.498
TNS   : -96.053

Type  : Slow 1100mV 0C Model Removal 'MOUSE:inst6|MOUSE_CLK_FILTER'
Slack : 4.939
TNS   : 0.000

Type  : Slow 1100mV 0C Model Minimum Pulse Width 'MOUSE:inst6|MOUSE_CLK_FILTER'
Slack : -0.538
TNS   : -30.882

Type  : Slow 1100mV 0C Model Minimum Pulse Width 'VGA_SYNC:inst2|vert_sync_out'
Slack : -0.538
TNS   : -25.892

Type  : Slow 1100mV 0C Model Minimum Pulse Width 'inst|pll_inst|altera_pll_i|general[0].gpll~FRACTIONAL_PLL|vcoph[0]'
Slack : 1.666
TNS   : 0.000

Type  : Slow 1100mV 0C Model Minimum Pulse Width 'clk'
Slack : 9.980
TNS   : 0.000

Type  : Slow 1100mV 0C Model Minimum Pulse Width 'inst|pll_inst|altera_pll_i|general[0].gpll~PLL_OUTPUT_COUNTER|divclk'
Slack : 19.176
TNS   : 0.000

Type  : Fast 1100mV 85C Model Setup 'MOUSE:inst6|MOUSE_CLK_FILTER'
Slack : -3.691
TNS   : -129.515

Type  : Fast 1100mV 85C Model Setup 'inst|pll_inst|altera_pll_i|general[0].gpll~PLL_OUTPUT_COUNTER|divclk'
Slack : -3.186
TNS   : -21.371

Type  : Fast 1100mV 85C Model Setup 'VGA_SYNC:inst2|vert_sync_out'
Slack : -1.754
TNS   : -39.787

Type  : Fast 1100mV 85C Model Hold 'inst|pll_inst|altera_pll_i|general[0].gpll~PLL_OUTPUT_COUNTER|divclk'
Slack : 0.197
TNS   : 0.000

Type  : Fast 1100mV 85C Model Hold 'MOUSE:inst6|MOUSE_CLK_FILTER'
Slack : 0.249
TNS   : 0.000

Type  : Fast 1100mV 85C Model Hold 'VGA_SYNC:inst2|vert_sync_out'
Slack : 0.374
TNS   : 0.000

Type  : Fast 1100mV 85C Model Recovery 'MOUSE:inst6|MOUSE_CLK_FILTER'
Slack : -3.165
TNS   : -44.598

Type  : Fast 1100mV 85C Model Removal 'MOUSE:inst6|MOUSE_CLK_FILTER'
Slack : 2.446
TNS   : 0.000

Type  : Fast 1100mV 85C Model Minimum Pulse Width 'MOUSE:inst6|MOUSE_CLK_FILTER'
Slack : -0.095
TNS   : -1.492

Type  : Fast 1100mV 85C Model Minimum Pulse Width 'VGA_SYNC:inst2|vert_sync_out'
Slack : 0.080
TNS   : 0.000

Type  : Fast 1100mV 85C Model Minimum Pulse Width 'inst|pll_inst|altera_pll_i|general[0].gpll~FRACTIONAL_PLL|vcoph[0]'
Slack : 1.666
TNS   : 0.000

Type  : Fast 1100mV 85C Model Minimum Pulse Width 'clk'
Slack : 9.643
TNS   : 0.000

Type  : Fast 1100mV 85C Model Minimum Pulse Width 'inst|pll_inst|altera_pll_i|general[0].gpll~PLL_OUTPUT_COUNTER|divclk'
Slack : 19.547
TNS   : 0.000

Type  : Fast 1100mV 0C Model Setup 'MOUSE:inst6|MOUSE_CLK_FILTER'
Slack : -3.555
TNS   : -125.282

Type  : Fast 1100mV 0C Model Setup 'inst|pll_inst|altera_pll_i|general[0].gpll~PLL_OUTPUT_COUNTER|divclk'
Slack : -2.416
TNS   : -16.160

Type  : Fast 1100mV 0C Model Setup 'VGA_SYNC:inst2|vert_sync_out'
Slack : -1.528
TNS   : -33.992

Type  : Fast 1100mV 0C Model Hold 'inst|pll_inst|altera_pll_i|general[0].gpll~PLL_OUTPUT_COUNTER|divclk'
Slack : 0.014
TNS   : 0.000

Type  : Fast 1100mV 0C Model Hold 'MOUSE:inst6|MOUSE_CLK_FILTER'
Slack : 0.273
TNS   : 0.000

Type  : Fast 1100mV 0C Model Hold 'VGA_SYNC:inst2|vert_sync_out'
Slack : 0.342
TNS   : 0.000

Type  : Fast 1100mV 0C Model Recovery 'MOUSE:inst6|MOUSE_CLK_FILTER'
Slack : -3.089
TNS   : -44.006

Type  : Fast 1100mV 0C Model Removal 'MOUSE:inst6|MOUSE_CLK_FILTER'
Slack : 2.504
TNS   : 0.000

Type  : Fast 1100mV 0C Model Minimum Pulse Width 'MOUSE:inst6|MOUSE_CLK_FILTER'
Slack : -0.058
TNS   : -0.885

Type  : Fast 1100mV 0C Model Minimum Pulse Width 'VGA_SYNC:inst2|vert_sync_out'
Slack : 0.093
TNS   : 0.000

Type  : Fast 1100mV 0C Model Minimum Pulse Width 'inst|pll_inst|altera_pll_i|general[0].gpll~FRACTIONAL_PLL|vcoph[0]'
Slack : 1.666
TNS   : 0.000

Type  : Fast 1100mV 0C Model Minimum Pulse Width 'clk'
Slack : 9.632
TNS   : 0.000

Type  : Fast 1100mV 0C Model Minimum Pulse Width 'inst|pll_inst|altera_pll_i|general[0].gpll~PLL_OUTPUT_COUNTER|divclk'
Slack : 19.544
TNS   : 0.000

------------------------------------------------------------
