------------------------------------------------------------
Timing Analyzer Summary
------------------------------------------------------------

Type  : Slow 1100mV 85C Model Setup 'VGA_SYNC:inst2|vert_sync_out'
Slack : -11.887
TNS   : -362.462

Type  : Slow 1100mV 85C Model Setup 'MOUSE:inst6|MOUSE_CLK_FILTER'
Slack : -8.060
TNS   : -690.395

Type  : Slow 1100mV 85C Model Setup 'inst|pll_inst|altera_pll_i|general[0].gpll~PLL_OUTPUT_COUNTER|divclk'
Slack : -6.646
TNS   : -81.499

Type  : Slow 1100mV 85C Model Hold 'inst|pll_inst|altera_pll_i|general[0].gpll~PLL_OUTPUT_COUNTER|divclk'
Slack : -3.724
TNS   : -16.981

Type  : Slow 1100mV 85C Model Hold 'MOUSE:inst6|MOUSE_CLK_FILTER'
Slack : 0.559
TNS   : 0.000

Type  : Slow 1100mV 85C Model Hold 'VGA_SYNC:inst2|vert_sync_out'
Slack : 0.880
TNS   : 0.000

Type  : Slow 1100mV 85C Model Recovery 'MOUSE:inst6|MOUSE_CLK_FILTER'
Slack : -5.841
TNS   : -91.037

Type  : Slow 1100mV 85C Model Removal 'MOUSE:inst6|MOUSE_CLK_FILTER'
Slack : 4.405
TNS   : 0.000

Type  : Slow 1100mV 85C Model Minimum Pulse Width 'MOUSE:inst6|MOUSE_CLK_FILTER'
Slack : -0.538
TNS   : -74.729

Type  : Slow 1100mV 85C Model Minimum Pulse Width 'VGA_SYNC:inst2|vert_sync_out'
Slack : -0.538
TNS   : -65.860

Type  : Slow 1100mV 85C Model Minimum Pulse Width 'inst|pll_inst|altera_pll_i|general[0].gpll~FRACTIONAL_PLL|vcoph[0]'
Slack : 1.666
TNS   : 0.000

Type  : Slow 1100mV 85C Model Minimum Pulse Width 'clk'
Slack : 9.949
TNS   : 0.000

Type  : Slow 1100mV 85C Model Minimum Pulse Width 'inst|pll_inst|altera_pll_i|general[0].gpll~PLL_OUTPUT_COUNTER|divclk'
Slack : 18.602
TNS   : 0.000

Type  : Slow 1100mV 0C Model Setup 'VGA_SYNC:inst2|vert_sync_out'
Slack : -12.322
TNS   : -372.595

Type  : Slow 1100mV 0C Model Setup 'MOUSE:inst6|MOUSE_CLK_FILTER'
Slack : -7.866
TNS   : -678.074

Type  : Slow 1100mV 0C Model Setup 'inst|pll_inst|altera_pll_i|general[0].gpll~PLL_OUTPUT_COUNTER|divclk'
Slack : -6.182
TNS   : -74.865

Type  : Slow 1100mV 0C Model Hold 'inst|pll_inst|altera_pll_i|general[0].gpll~PLL_OUTPUT_COUNTER|divclk'
Slack : -3.805
TNS   : -21.303

Type  : Slow 1100mV 0C Model Hold 'MOUSE:inst6|MOUSE_CLK_FILTER'
Slack : 0.629
TNS   : 0.000

Type  : Slow 1100mV 0C Model Hold 'VGA_SYNC:inst2|vert_sync_out'
Slack : 0.877
TNS   : 0.000

Type  : Slow 1100mV 0C Model Recovery 'MOUSE:inst6|MOUSE_CLK_FILTER'
Slack : -5.855
TNS   : -91.453

Type  : Slow 1100mV 0C Model Removal 'MOUSE:inst6|MOUSE_CLK_FILTER'
Slack : 4.619
TNS   : 0.000

Type  : Slow 1100mV 0C Model Minimum Pulse Width 'MOUSE:inst6|MOUSE_CLK_FILTER'
Slack : -0.538
TNS   : -73.433

Type  : Slow 1100mV 0C Model Minimum Pulse Width 'VGA_SYNC:inst2|vert_sync_out'
Slack : -0.538
TNS   : -65.386

Type  : Slow 1100mV 0C Model Minimum Pulse Width 'inst|pll_inst|altera_pll_i|general[0].gpll~FRACTIONAL_PLL|vcoph[0]'
Slack : 1.666
TNS   : 0.000

Type  : Slow 1100mV 0C Model Minimum Pulse Width 'clk'
Slack : 9.980
TNS   : 0.000

Type  : Slow 1100mV 0C Model Minimum Pulse Width 'inst|pll_inst|altera_pll_i|general[0].gpll~PLL_OUTPUT_COUNTER|divclk'
Slack : 18.564
TNS   : 0.000

Type  : Fast 1100mV 85C Model Setup 'VGA_SYNC:inst2|vert_sync_out'
Slack : -5.246
TNS   : -147.638

Type  : Fast 1100mV 85C Model Setup 'MOUSE:inst6|MOUSE_CLK_FILTER'
Slack : -3.947
TNS   : -333.626

Type  : Fast 1100mV 85C Model Setup 'inst|pll_inst|altera_pll_i|general[0].gpll~PLL_OUTPUT_COUNTER|divclk'
Slack : -3.515
TNS   : -44.747

Type  : Fast 1100mV 85C Model Hold 'inst|pll_inst|altera_pll_i|general[0].gpll~PLL_OUTPUT_COUNTER|divclk'
Slack : -1.751
TNS   : -9.820

Type  : Fast 1100mV 85C Model Hold 'MOUSE:inst6|MOUSE_CLK_FILTER'
Slack : 0.259
TNS   : 0.000

Type  : Fast 1100mV 85C Model Hold 'VGA_SYNC:inst2|vert_sync_out'
Slack : 0.385
TNS   : 0.000

Type  : Fast 1100mV 85C Model Recovery 'MOUSE:inst6|MOUSE_CLK_FILTER'
Slack : -2.659
TNS   : -41.078

Type  : Fast 1100mV 85C Model Removal 'MOUSE:inst6|MOUSE_CLK_FILTER'
Slack : 2.232
TNS   : 0.000

Type  : Fast 1100mV 85C Model Minimum Pulse Width 'MOUSE:inst6|MOUSE_CLK_FILTER'
Slack : -0.079
TNS   : -1.266

Type  : Fast 1100mV 85C Model Minimum Pulse Width 'VGA_SYNC:inst2|vert_sync_out'
Slack : 0.004
TNS   : 0.000

Type  : Fast 1100mV 85C Model Minimum Pulse Width 'inst|pll_inst|altera_pll_i|general[0].gpll~FRACTIONAL_PLL|vcoph[0]'
Slack : 1.666
TNS   : 0.000

Type  : Fast 1100mV 85C Model Minimum Pulse Width 'clk'
Slack : 9.643
TNS   : 0.000

Type  : Fast 1100mV 85C Model Minimum Pulse Width 'inst|pll_inst|altera_pll_i|general[0].gpll~PLL_OUTPUT_COUNTER|divclk'
Slack : 18.893
TNS   : 0.000

Type  : Fast 1100mV 0C Model Setup 'VGA_SYNC:inst2|vert_sync_out'
Slack : -5.016
TNS   : -135.770

Type  : Fast 1100mV 0C Model Setup 'MOUSE:inst6|MOUSE_CLK_FILTER'
Slack : -3.786
TNS   : -322.056

Type  : Fast 1100mV 0C Model Setup 'inst|pll_inst|altera_pll_i|general[0].gpll~PLL_OUTPUT_COUNTER|divclk'
Slack : -2.676
TNS   : -34.207

Type  : Fast 1100mV 0C Model Hold 'inst|pll_inst|altera_pll_i|general[0].gpll~PLL_OUTPUT_COUNTER|divclk'
Slack : -1.850
TNS   : -12.231

Type  : Fast 1100mV 0C Model Hold 'MOUSE:inst6|MOUSE_CLK_FILTER'
Slack : 0.245
TNS   : 0.000

Type  : Fast 1100mV 0C Model Hold 'VGA_SYNC:inst2|vert_sync_out'
Slack : 0.350
TNS   : 0.000

Type  : Fast 1100mV 0C Model Recovery 'MOUSE:inst6|MOUSE_CLK_FILTER'
Slack : -2.687
TNS   : -41.668

Type  : Fast 1100mV 0C Model Removal 'MOUSE:inst6|MOUSE_CLK_FILTER'
Slack : 2.349
TNS   : 0.000

Type  : Fast 1100mV 0C Model Minimum Pulse Width 'MOUSE:inst6|MOUSE_CLK_FILTER'
Slack : -0.062
TNS   : -0.983

Type  : Fast 1100mV 0C Model Minimum Pulse Width 'VGA_SYNC:inst2|vert_sync_out'
Slack : 0.035
TNS   : 0.000

Type  : Fast 1100mV 0C Model Minimum Pulse Width 'inst|pll_inst|altera_pll_i|general[0].gpll~FRACTIONAL_PLL|vcoph[0]'
Slack : 1.666
TNS   : 0.000

Type  : Fast 1100mV 0C Model Minimum Pulse Width 'clk'
Slack : 9.632
TNS   : 0.000

Type  : Fast 1100mV 0C Model Minimum Pulse Width 'inst|pll_inst|altera_pll_i|general[0].gpll~PLL_OUTPUT_COUNTER|divclk'
Slack : 18.894
TNS   : 0.000

------------------------------------------------------------
