------------------------------------------------------------
Timing Analyzer Summary
------------------------------------------------------------

Type  : Slow 1100mV 85C Model Setup 'MOUSE:inst4|MOUSE_CLK_FILTER'
Slack : -8.007
TNS   : -708.057

Type  : Slow 1100mV 85C Model Setup 'inst2|pll_inst|altera_pll_i|general[0].gpll~PLL_OUTPUT_COUNTER|divclk'
Slack : -4.853
TNS   : -25.620

Type  : Slow 1100mV 85C Model Setup 'VGA_SYNC:inst|vert_sync_out'
Slack : -3.885
TNS   : -95.500

Type  : Slow 1100mV 85C Model Hold 'inst2|pll_inst|altera_pll_i|general[0].gpll~PLL_OUTPUT_COUNTER|divclk'
Slack : 0.321
TNS   : 0.000

Type  : Slow 1100mV 85C Model Hold 'MOUSE:inst4|MOUSE_CLK_FILTER'
Slack : 0.416
TNS   : 0.000

Type  : Slow 1100mV 85C Model Hold 'VGA_SYNC:inst|vert_sync_out'
Slack : 0.690
TNS   : 0.000

Type  : Slow 1100mV 85C Model Recovery 'MOUSE:inst4|MOUSE_CLK_FILTER'
Slack : -6.632
TNS   : -103.453

Type  : Slow 1100mV 85C Model Removal 'MOUSE:inst4|MOUSE_CLK_FILTER'
Slack : 5.245
TNS   : 0.000

Type  : Slow 1100mV 85C Model Minimum Pulse Width 'MOUSE:inst4|MOUSE_CLK_FILTER'
Slack : -0.538
TNS   : -73.953

Type  : Slow 1100mV 85C Model Minimum Pulse Width 'VGA_SYNC:inst|vert_sync_out'
Slack : -0.538
TNS   : -29.216

Type  : Slow 1100mV 85C Model Minimum Pulse Width 'inst2|pll_inst|altera_pll_i|general[0].gpll~FRACTIONAL_PLL|vcoph[0]'
Slack : 1.666
TNS   : 0.000

Type  : Slow 1100mV 85C Model Minimum Pulse Width 'clk'
Slack : 9.949
TNS   : 0.000

Type  : Slow 1100mV 85C Model Minimum Pulse Width 'inst2|pll_inst|altera_pll_i|general[0].gpll~PLL_OUTPUT_COUNTER|divclk'
Slack : 19.273
TNS   : 0.000

Type  : Slow 1100mV 0C Model Setup 'MOUSE:inst4|MOUSE_CLK_FILTER'
Slack : -7.944
TNS   : -695.662

Type  : Slow 1100mV 0C Model Setup 'inst2|pll_inst|altera_pll_i|general[0].gpll~PLL_OUTPUT_COUNTER|divclk'
Slack : -4.343
TNS   : -22.608

Type  : Slow 1100mV 0C Model Setup 'VGA_SYNC:inst|vert_sync_out'
Slack : -3.896
TNS   : -95.402

Type  : Slow 1100mV 0C Model Hold 'inst2|pll_inst|altera_pll_i|general[0].gpll~PLL_OUTPUT_COUNTER|divclk'
Slack : -0.056
TNS   : -0.056

Type  : Slow 1100mV 0C Model Hold 'MOUSE:inst4|MOUSE_CLK_FILTER'
Slack : 0.469
TNS   : 0.000

Type  : Slow 1100mV 0C Model Hold 'VGA_SYNC:inst|vert_sync_out'
Slack : 0.685
TNS   : 0.000

Type  : Slow 1100mV 0C Model Recovery 'MOUSE:inst4|MOUSE_CLK_FILTER'
Slack : -6.616
TNS   : -103.275

Type  : Slow 1100mV 0C Model Removal 'MOUSE:inst4|MOUSE_CLK_FILTER'
Slack : 5.432
TNS   : 0.000

Type  : Slow 1100mV 0C Model Minimum Pulse Width 'MOUSE:inst4|MOUSE_CLK_FILTER'
Slack : -0.538
TNS   : -72.522

Type  : Slow 1100mV 0C Model Minimum Pulse Width 'VGA_SYNC:inst|vert_sync_out'
Slack : -0.538
TNS   : -29.689

Type  : Slow 1100mV 0C Model Minimum Pulse Width 'inst2|pll_inst|altera_pll_i|general[0].gpll~FRACTIONAL_PLL|vcoph[0]'
Slack : 1.666
TNS   : 0.000

Type  : Slow 1100mV 0C Model Minimum Pulse Width 'clk'
Slack : 9.980
TNS   : 0.000

Type  : Slow 1100mV 0C Model Minimum Pulse Width 'inst2|pll_inst|altera_pll_i|general[0].gpll~PLL_OUTPUT_COUNTER|divclk'
Slack : 19.176
TNS   : 0.000

Type  : Fast 1100mV 85C Model Setup 'MOUSE:inst4|MOUSE_CLK_FILTER'
Slack : -3.987
TNS   : -342.210

Type  : Fast 1100mV 85C Model Setup 'inst2|pll_inst|altera_pll_i|general[0].gpll~PLL_OUTPUT_COUNTER|divclk'
Slack : -3.464
TNS   : -16.115

Type  : Fast 1100mV 85C Model Setup 'VGA_SYNC:inst|vert_sync_out'
Slack : -1.754
TNS   : -40.817

Type  : Fast 1100mV 85C Model Hold 'inst2|pll_inst|altera_pll_i|general[0].gpll~PLL_OUTPUT_COUNTER|divclk'
Slack : 0.152
TNS   : 0.000

Type  : Fast 1100mV 85C Model Hold 'MOUSE:inst4|MOUSE_CLK_FILTER'
Slack : 0.250
TNS   : 0.000

Type  : Fast 1100mV 85C Model Hold 'VGA_SYNC:inst|vert_sync_out'
Slack : 0.297
TNS   : 0.000

Type  : Fast 1100mV 85C Model Recovery 'MOUSE:inst4|MOUSE_CLK_FILTER'
Slack : -3.137
TNS   : -48.880

Type  : Fast 1100mV 85C Model Removal 'MOUSE:inst4|MOUSE_CLK_FILTER'
Slack : 2.747
TNS   : 0.000

Type  : Fast 1100mV 85C Model Minimum Pulse Width 'VGA_SYNC:inst|vert_sync_out'
Slack : -0.050
TNS   : -1.250

Type  : Fast 1100mV 85C Model Minimum Pulse Width 'MOUSE:inst4|MOUSE_CLK_FILTER'
Slack : 0.030
TNS   : 0.000

Type  : Fast 1100mV 85C Model Minimum Pulse Width 'inst2|pll_inst|altera_pll_i|general[0].gpll~FRACTIONAL_PLL|vcoph[0]'
Slack : 1.666
TNS   : 0.000

Type  : Fast 1100mV 85C Model Minimum Pulse Width 'clk'
Slack : 9.643
TNS   : 0.000

Type  : Fast 1100mV 85C Model Minimum Pulse Width 'inst2|pll_inst|altera_pll_i|general[0].gpll~PLL_OUTPUT_COUNTER|divclk'
Slack : 19.554
TNS   : 0.000

Type  : Fast 1100mV 0C Model Setup 'MOUSE:inst4|MOUSE_CLK_FILTER'
Slack : -3.821
TNS   : -329.287

Type  : Fast 1100mV 0C Model Setup 'inst2|pll_inst|altera_pll_i|general[0].gpll~PLL_OUTPUT_COUNTER|divclk'
Slack : -2.659
TNS   : -12.049

Type  : Fast 1100mV 0C Model Setup 'VGA_SYNC:inst|vert_sync_out'
Slack : -1.482
TNS   : -34.768

Type  : Fast 1100mV 0C Model Hold 'inst2|pll_inst|altera_pll_i|general[0].gpll~PLL_OUTPUT_COUNTER|divclk'
Slack : -0.167
TNS   : -0.277

Type  : Fast 1100mV 0C Model Hold 'MOUSE:inst4|MOUSE_CLK_FILTER'
Slack : 0.235
TNS   : 0.000

Type  : Fast 1100mV 0C Model Hold 'VGA_SYNC:inst|vert_sync_out'
Slack : 0.266
TNS   : 0.000

Type  : Fast 1100mV 0C Model Recovery 'MOUSE:inst4|MOUSE_CLK_FILTER'
Slack : -3.071
TNS   : -47.904

Type  : Fast 1100mV 0C Model Removal 'MOUSE:inst4|MOUSE_CLK_FILTER'
Slack : 2.772
TNS   : 0.000

Type  : Fast 1100mV 0C Model Minimum Pulse Width 'VGA_SYNC:inst|vert_sync_out'
Slack : -0.011
TNS   : -0.259

Type  : Fast 1100mV 0C Model Minimum Pulse Width 'MOUSE:inst4|MOUSE_CLK_FILTER'
Slack : 0.046
TNS   : 0.000

Type  : Fast 1100mV 0C Model Minimum Pulse Width 'inst2|pll_inst|altera_pll_i|general[0].gpll~FRACTIONAL_PLL|vcoph[0]'
Slack : 1.666
TNS   : 0.000

Type  : Fast 1100mV 0C Model Minimum Pulse Width 'clk'
Slack : 9.632
TNS   : 0.000

Type  : Fast 1100mV 0C Model Minimum Pulse Width 'inst2|pll_inst|altera_pll_i|general[0].gpll~PLL_OUTPUT_COUNTER|divclk'
Slack : 19.546
TNS   : 0.000

------------------------------------------------------------
