------------------------------------------------------------
Timing Analyzer Summary
------------------------------------------------------------

Type  : Slow 1100mV 85C Model Setup 'MOUSE:inst4|MOUSE_CLK_FILTER'
Slack : -7.819
TNS   : -679.259

Type  : Slow 1100mV 85C Model Setup 'inst2|pll_inst|altera_pll_i|general[0].gpll~PLL_OUTPUT_COUNTER|divclk'
Slack : -5.568
TNS   : -27.114

Type  : Slow 1100mV 85C Model Setup 'VGA_SYNC:inst|vert_sync_out'
Slack : -3.100
TNS   : -43.970

Type  : Slow 1100mV 85C Model Hold 'inst2|pll_inst|altera_pll_i|general[0].gpll~PLL_OUTPUT_COUNTER|divclk'
Slack : 0.207
TNS   : 0.000

Type  : Slow 1100mV 85C Model Hold 'MOUSE:inst4|MOUSE_CLK_FILTER'
Slack : 0.436
TNS   : 0.000

Type  : Slow 1100mV 85C Model Hold 'VGA_SYNC:inst|vert_sync_out'
Slack : 1.015
TNS   : 0.000

Type  : Slow 1100mV 85C Model Recovery 'MOUSE:inst4|MOUSE_CLK_FILTER'
Slack : -7.005
TNS   : -111.982

Type  : Slow 1100mV 85C Model Removal 'MOUSE:inst4|MOUSE_CLK_FILTER'
Slack : 5.910
TNS   : 0.000

Type  : Slow 1100mV 85C Model Minimum Pulse Width 'MOUSE:inst4|MOUSE_CLK_FILTER'
Slack : -0.538
TNS   : -72.001

Type  : Slow 1100mV 85C Model Minimum Pulse Width 'VGA_SYNC:inst|vert_sync_out'
Slack : -0.538
TNS   : -12.872

Type  : Slow 1100mV 85C Model Minimum Pulse Width 'inst2|pll_inst|altera_pll_i|general[0].gpll~FRACTIONAL_PLL|vcoph[0]'
Slack : 1.666
TNS   : 0.000

Type  : Slow 1100mV 85C Model Minimum Pulse Width 'clk'
Slack : 9.949
TNS   : 0.000

Type  : Slow 1100mV 85C Model Minimum Pulse Width 'inst2|pll_inst|altera_pll_i|general[0].gpll~PLL_OUTPUT_COUNTER|divclk'
Slack : 19.271
TNS   : 0.000

Type  : Slow 1100mV 0C Model Setup 'MOUSE:inst4|MOUSE_CLK_FILTER'
Slack : -7.837
TNS   : -666.083

Type  : Slow 1100mV 0C Model Setup 'inst2|pll_inst|altera_pll_i|general[0].gpll~PLL_OUTPUT_COUNTER|divclk'
Slack : -5.160
TNS   : -24.115

Type  : Slow 1100mV 0C Model Setup 'VGA_SYNC:inst|vert_sync_out'
Slack : -3.090
TNS   : -45.075

Type  : Slow 1100mV 0C Model Hold 'inst2|pll_inst|altera_pll_i|general[0].gpll~PLL_OUTPUT_COUNTER|divclk'
Slack : -0.304
TNS   : -0.603

Type  : Slow 1100mV 0C Model Hold 'MOUSE:inst4|MOUSE_CLK_FILTER'
Slack : 0.487
TNS   : 0.000

Type  : Slow 1100mV 0C Model Hold 'VGA_SYNC:inst|vert_sync_out'
Slack : 1.049
TNS   : 0.000

Type  : Slow 1100mV 0C Model Recovery 'MOUSE:inst4|MOUSE_CLK_FILTER'
Slack : -6.914
TNS   : -110.527

Type  : Slow 1100mV 0C Model Removal 'MOUSE:inst4|MOUSE_CLK_FILTER'
Slack : 6.030
TNS   : 0.000

Type  : Slow 1100mV 0C Model Minimum Pulse Width 'MOUSE:inst4|MOUSE_CLK_FILTER'
Slack : -0.538
TNS   : -70.950

Type  : Slow 1100mV 0C Model Minimum Pulse Width 'VGA_SYNC:inst|vert_sync_out'
Slack : -0.538
TNS   : -12.728

Type  : Slow 1100mV 0C Model Minimum Pulse Width 'inst2|pll_inst|altera_pll_i|general[0].gpll~FRACTIONAL_PLL|vcoph[0]'
Slack : 1.666
TNS   : 0.000

Type  : Slow 1100mV 0C Model Minimum Pulse Width 'clk'
Slack : 9.980
TNS   : 0.000

Type  : Slow 1100mV 0C Model Minimum Pulse Width 'inst2|pll_inst|altera_pll_i|general[0].gpll~PLL_OUTPUT_COUNTER|divclk'
Slack : 19.187
TNS   : 0.000

Type  : Fast 1100mV 85C Model Setup 'MOUSE:inst4|MOUSE_CLK_FILTER'
Slack : -3.834
TNS   : -328.213

Type  : Fast 1100mV 85C Model Setup 'inst2|pll_inst|altera_pll_i|general[0].gpll~PLL_OUTPUT_COUNTER|divclk'
Slack : -3.674
TNS   : -17.906

Type  : Fast 1100mV 85C Model Setup 'VGA_SYNC:inst|vert_sync_out'
Slack : -1.674
TNS   : -16.864

Type  : Fast 1100mV 85C Model Hold 'inst2|pll_inst|altera_pll_i|general[0].gpll~PLL_OUTPUT_COUNTER|divclk'
Slack : 0.198
TNS   : 0.000

Type  : Fast 1100mV 85C Model Hold 'MOUSE:inst4|MOUSE_CLK_FILTER'
Slack : 0.236
TNS   : 0.000

Type  : Fast 1100mV 85C Model Hold 'VGA_SYNC:inst|vert_sync_out'
Slack : 0.419
TNS   : 0.000

Type  : Fast 1100mV 85C Model Recovery 'MOUSE:inst4|MOUSE_CLK_FILTER'
Slack : -3.426
TNS   : -54.784

Type  : Fast 1100mV 85C Model Removal 'MOUSE:inst4|MOUSE_CLK_FILTER'
Slack : 3.177
TNS   : 0.000

Type  : Fast 1100mV 85C Model Minimum Pulse Width 'MOUSE:inst4|MOUSE_CLK_FILTER'
Slack : 0.082
TNS   : 0.000

Type  : Fast 1100mV 85C Model Minimum Pulse Width 'VGA_SYNC:inst|vert_sync_out'
Slack : 0.085
TNS   : 0.000

Type  : Fast 1100mV 85C Model Minimum Pulse Width 'inst2|pll_inst|altera_pll_i|general[0].gpll~FRACTIONAL_PLL|vcoph[0]'
Slack : 1.666
TNS   : 0.000

Type  : Fast 1100mV 85C Model Minimum Pulse Width 'clk'
Slack : 9.643
TNS   : 0.000

Type  : Fast 1100mV 85C Model Minimum Pulse Width 'inst2|pll_inst|altera_pll_i|general[0].gpll~PLL_OUTPUT_COUNTER|divclk'
Slack : 19.554
TNS   : 0.000

Type  : Fast 1100mV 0C Model Setup 'MOUSE:inst4|MOUSE_CLK_FILTER'
Slack : -3.709
TNS   : -316.543

Type  : Fast 1100mV 0C Model Setup 'inst2|pll_inst|altera_pll_i|general[0].gpll~PLL_OUTPUT_COUNTER|divclk'
Slack : -2.837
TNS   : -13.396

Type  : Fast 1100mV 0C Model Setup 'VGA_SYNC:inst|vert_sync_out'
Slack : -1.467
TNS   : -14.834

Type  : Fast 1100mV 0C Model Hold 'inst2|pll_inst|altera_pll_i|general[0].gpll~PLL_OUTPUT_COUNTER|divclk'
Slack : -0.065
TNS   : -0.065

Type  : Fast 1100mV 0C Model Hold 'MOUSE:inst4|MOUSE_CLK_FILTER'
Slack : 0.241
TNS   : 0.000

Type  : Fast 1100mV 0C Model Hold 'VGA_SYNC:inst|vert_sync_out'
Slack : 0.390
TNS   : 0.000

Type  : Fast 1100mV 0C Model Recovery 'MOUSE:inst4|MOUSE_CLK_FILTER'
Slack : -3.314
TNS   : -52.991

Type  : Fast 1100mV 0C Model Removal 'MOUSE:inst4|MOUSE_CLK_FILTER'
Slack : 3.140
TNS   : 0.000

Type  : Fast 1100mV 0C Model Minimum Pulse Width 'MOUSE:inst4|MOUSE_CLK_FILTER'
Slack : 0.079
TNS   : 0.000

Type  : Fast 1100mV 0C Model Minimum Pulse Width 'VGA_SYNC:inst|vert_sync_out'
Slack : 0.109
TNS   : 0.000

Type  : Fast 1100mV 0C Model Minimum Pulse Width 'inst2|pll_inst|altera_pll_i|general[0].gpll~FRACTIONAL_PLL|vcoph[0]'
Slack : 1.666
TNS   : 0.000

Type  : Fast 1100mV 0C Model Minimum Pulse Width 'clk'
Slack : 9.632
TNS   : 0.000

Type  : Fast 1100mV 0C Model Minimum Pulse Width 'inst2|pll_inst|altera_pll_i|general[0].gpll~PLL_OUTPUT_COUNTER|divclk'
Slack : 19.547
TNS   : 0.000

------------------------------------------------------------
