------------------------------------------------------------
Timing Analyzer Summary
------------------------------------------------------------

Type  : Slow 1100mV 85C Model Setup 'MOUSE:inst6|MOUSE_CLK_FILTER'
Slack : -8.076
TNS   : -278.199

Type  : Slow 1100mV 85C Model Setup 'VGA_SYNC:inst2|vert_sync_out'
Slack : -7.679
TNS   : -540.272

Type  : Slow 1100mV 85C Model Setup 'inst|pll_inst|altera_pll_i|general[0].gpll~PLL_OUTPUT_COUNTER|divclk'
Slack : -7.062
TNS   : -44.926

Type  : Slow 1100mV 85C Model Setup 'SW0'
Slack : -6.952
TNS   : -36.815

Type  : Slow 1100mV 85C Model Setup 'level_fsm:inst20|state.impossible'
Slack : -5.734
TNS   : -50.699

Type  : Slow 1100mV 85C Model Hold 'inst|pll_inst|altera_pll_i|general[0].gpll~PLL_OUTPUT_COUNTER|divclk'
Slack : -3.959
TNS   : -18.955

Type  : Slow 1100mV 85C Model Hold 'VGA_SYNC:inst2|vert_sync_out'
Slack : -0.437
TNS   : -0.437

Type  : Slow 1100mV 85C Model Hold 'SW0'
Slack : 0.561
TNS   : 0.000

Type  : Slow 1100mV 85C Model Hold 'MOUSE:inst6|MOUSE_CLK_FILTER'
Slack : 0.665
TNS   : 0.000

Type  : Slow 1100mV 85C Model Hold 'level_fsm:inst20|state.impossible'
Slack : 0.968
TNS   : 0.000

Type  : Slow 1100mV 85C Model Recovery 'inst|pll_inst|altera_pll_i|general[0].gpll~PLL_OUTPUT_COUNTER|divclk'
Slack : -7.526
TNS   : -7.526

Type  : Slow 1100mV 85C Model Recovery 'MOUSE:inst6|MOUSE_CLK_FILTER'
Slack : -6.350
TNS   : -101.495

Type  : Slow 1100mV 85C Model Recovery 'VGA_SYNC:inst2|vert_sync_out'
Slack : -2.152
TNS   : -21.500

Type  : Slow 1100mV 85C Model Recovery 'level_fsm:inst20|state.impossible'
Slack : -1.983
TNS   : -17.676

Type  : Slow 1100mV 85C Model Removal 'inst|pll_inst|altera_pll_i|general[0].gpll~PLL_OUTPUT_COUNTER|divclk'
Slack : 0.718
TNS   : 0.000

Type  : Slow 1100mV 85C Model Removal 'level_fsm:inst20|state.impossible'
Slack : 0.727
TNS   : 0.000

Type  : Slow 1100mV 85C Model Removal 'VGA_SYNC:inst2|vert_sync_out'
Slack : 1.639
TNS   : 0.000

Type  : Slow 1100mV 85C Model Removal 'MOUSE:inst6|MOUSE_CLK_FILTER'
Slack : 5.254
TNS   : 0.000

Type  : Slow 1100mV 85C Model Minimum Pulse Width 'VGA_SYNC:inst2|vert_sync_out'
Slack : -0.538
TNS   : -108.046

Type  : Slow 1100mV 85C Model Minimum Pulse Width 'MOUSE:inst6|MOUSE_CLK_FILTER'
Slack : -0.538
TNS   : -29.528

Type  : Slow 1100mV 85C Model Minimum Pulse Width 'level_fsm:inst20|state.impossible'
Slack : -0.538
TNS   : -9.047

Type  : Slow 1100mV 85C Model Minimum Pulse Width 'SW0'
Slack : 0.153
TNS   : 0.000

Type  : Slow 1100mV 85C Model Minimum Pulse Width 'inst|pll_inst|altera_pll_i|general[0].gpll~FRACTIONAL_PLL|vcoph[0]'
Slack : 1.666
TNS   : 0.000

Type  : Slow 1100mV 85C Model Minimum Pulse Width 'clk'
Slack : 9.949
TNS   : 0.000

Type  : Slow 1100mV 85C Model Minimum Pulse Width 'inst|pll_inst|altera_pll_i|general[0].gpll~PLL_OUTPUT_COUNTER|divclk'
Slack : 19.271
TNS   : 0.000

Type  : Slow 1100mV 0C Model Setup 'MOUSE:inst6|MOUSE_CLK_FILTER'
Slack : -8.120
TNS   : -273.931

Type  : Slow 1100mV 0C Model Setup 'VGA_SYNC:inst2|vert_sync_out'
Slack : -7.750
TNS   : -531.726

Type  : Slow 1100mV 0C Model Setup 'SW0'
Slack : -6.858
TNS   : -35.335

Type  : Slow 1100mV 0C Model Setup 'inst|pll_inst|altera_pll_i|general[0].gpll~PLL_OUTPUT_COUNTER|divclk'
Slack : -6.678
TNS   : -40.242

Type  : Slow 1100mV 0C Model Setup 'level_fsm:inst20|state.impossible'
Slack : -5.696
TNS   : -50.454

Type  : Slow 1100mV 0C Model Hold 'inst|pll_inst|altera_pll_i|general[0].gpll~PLL_OUTPUT_COUNTER|divclk'
Slack : -4.183
TNS   : -20.768

Type  : Slow 1100mV 0C Model Hold 'VGA_SYNC:inst2|vert_sync_out'
Slack : -0.367
TNS   : -0.367

Type  : Slow 1100mV 0C Model Hold 'SW0'
Slack : 0.378
TNS   : 0.000

Type  : Slow 1100mV 0C Model Hold 'MOUSE:inst6|MOUSE_CLK_FILTER'
Slack : 0.745
TNS   : 0.000

Type  : Slow 1100mV 0C Model Hold 'level_fsm:inst20|state.impossible'
Slack : 0.961
TNS   : 0.000

Type  : Slow 1100mV 0C Model Recovery 'inst|pll_inst|altera_pll_i|general[0].gpll~PLL_OUTPUT_COUNTER|divclk'
Slack : -6.896
TNS   : -6.896

Type  : Slow 1100mV 0C Model Recovery 'MOUSE:inst6|MOUSE_CLK_FILTER'
Slack : -6.344
TNS   : -101.400

Type  : Slow 1100mV 0C Model Recovery 'VGA_SYNC:inst2|vert_sync_out'
Slack : -2.076
TNS   : -20.735

Type  : Slow 1100mV 0C Model Recovery 'level_fsm:inst20|state.impossible'
Slack : -1.886
TNS   : -16.586

Type  : Slow 1100mV 0C Model Removal 'inst|pll_inst|altera_pll_i|general[0].gpll~PLL_OUTPUT_COUNTER|divclk'
Slack : 0.231
TNS   : 0.000

Type  : Slow 1100mV 0C Model Removal 'level_fsm:inst20|state.impossible'
Slack : 0.652
TNS   : 0.000

Type  : Slow 1100mV 0C Model Removal 'VGA_SYNC:inst2|vert_sync_out'
Slack : 1.557
TNS   : 0.000

Type  : Slow 1100mV 0C Model Removal 'MOUSE:inst6|MOUSE_CLK_FILTER'
Slack : 5.433
TNS   : 0.000

Type  : Slow 1100mV 0C Model Minimum Pulse Width 'VGA_SYNC:inst2|vert_sync_out'
Slack : -0.538
TNS   : -105.033

Type  : Slow 1100mV 0C Model Minimum Pulse Width 'MOUSE:inst6|MOUSE_CLK_FILTER'
Slack : -0.538
TNS   : -29.189

Type  : Slow 1100mV 0C Model Minimum Pulse Width 'level_fsm:inst20|state.impossible'
Slack : -0.538
TNS   : -9.207

Type  : Slow 1100mV 0C Model Minimum Pulse Width 'SW0'
Slack : 0.164
TNS   : 0.000

Type  : Slow 1100mV 0C Model Minimum Pulse Width 'inst|pll_inst|altera_pll_i|general[0].gpll~FRACTIONAL_PLL|vcoph[0]'
Slack : 1.666
TNS   : 0.000

Type  : Slow 1100mV 0C Model Minimum Pulse Width 'clk'
Slack : 9.980
TNS   : 0.000

Type  : Slow 1100mV 0C Model Minimum Pulse Width 'inst|pll_inst|altera_pll_i|general[0].gpll~PLL_OUTPUT_COUNTER|divclk'
Slack : 19.187
TNS   : 0.000

Type  : Fast 1100mV 85C Model Setup 'MOUSE:inst6|MOUSE_CLK_FILTER'
Slack : -3.996
TNS   : -133.851

Type  : Fast 1100mV 85C Model Setup 'inst|pll_inst|altera_pll_i|general[0].gpll~PLL_OUTPUT_COUNTER|divclk'
Slack : -3.658
TNS   : -28.182

Type  : Fast 1100mV 85C Model Setup 'VGA_SYNC:inst2|vert_sync_out'
Slack : -3.639
TNS   : -245.364

Type  : Fast 1100mV 85C Model Setup 'SW0'
Slack : -3.397
TNS   : -17.693

Type  : Fast 1100mV 85C Model Setup 'level_fsm:inst20|state.impossible'
Slack : -2.550
TNS   : -22.453

Type  : Fast 1100mV 85C Model Hold 'inst|pll_inst|altera_pll_i|general[0].gpll~PLL_OUTPUT_COUNTER|divclk'
Slack : -2.297
TNS   : -11.398

Type  : Fast 1100mV 85C Model Hold 'VGA_SYNC:inst2|vert_sync_out'
Slack : -0.329
TNS   : -0.449

Type  : Fast 1100mV 85C Model Hold 'SW0'
Slack : 0.210
TNS   : 0.000

Type  : Fast 1100mV 85C Model Hold 'MOUSE:inst6|MOUSE_CLK_FILTER'
Slack : 0.221
TNS   : 0.000

Type  : Fast 1100mV 85C Model Hold 'level_fsm:inst20|state.impossible'
Slack : 0.421
TNS   : 0.000

Type  : Fast 1100mV 85C Model Recovery 'inst|pll_inst|altera_pll_i|general[0].gpll~PLL_OUTPUT_COUNTER|divclk'
Slack : -4.705
TNS   : -4.705

Type  : Fast 1100mV 85C Model Recovery 'MOUSE:inst6|MOUSE_CLK_FILTER'
Slack : -2.994
TNS   : -47.869

Type  : Fast 1100mV 85C Model Recovery 'level_fsm:inst20|state.impossible'
Slack : -1.027
TNS   : -9.019

Type  : Fast 1100mV 85C Model Recovery 'VGA_SYNC:inst2|vert_sync_out'
Slack : -0.973
TNS   : -9.725

Type  : Fast 1100mV 85C Model Removal 'level_fsm:inst20|state.impossible'
Slack : 0.370
TNS   : 0.000

Type  : Fast 1100mV 85C Model Removal 'inst|pll_inst|altera_pll_i|general[0].gpll~PLL_OUTPUT_COUNTER|divclk'
Slack : 0.619
TNS   : 0.000

Type  : Fast 1100mV 85C Model Removal 'VGA_SYNC:inst2|vert_sync_out'
Slack : 0.780
TNS   : 0.000

Type  : Fast 1100mV 85C Model Removal 'MOUSE:inst6|MOUSE_CLK_FILTER'
Slack : 2.769
TNS   : 0.000

Type  : Fast 1100mV 85C Model Minimum Pulse Width 'SW0'
Slack : -0.160
TNS   : -1.230

Type  : Fast 1100mV 85C Model Minimum Pulse Width 'level_fsm:inst20|state.impossible'
Slack : -0.127
TNS   : -1.051

Type  : Fast 1100mV 85C Model Minimum Pulse Width 'VGA_SYNC:inst2|vert_sync_out'
Slack : -0.123
TNS   : -1.881

Type  : Fast 1100mV 85C Model Minimum Pulse Width 'MOUSE:inst6|MOUSE_CLK_FILTER'
Slack : -0.045
TNS   : -0.045

Type  : Fast 1100mV 85C Model Minimum Pulse Width 'inst|pll_inst|altera_pll_i|general[0].gpll~FRACTIONAL_PLL|vcoph[0]'
Slack : 1.666
TNS   : 0.000

Type  : Fast 1100mV 85C Model Minimum Pulse Width 'clk'
Slack : 9.643
TNS   : 0.000

Type  : Fast 1100mV 85C Model Minimum Pulse Width 'inst|pll_inst|altera_pll_i|general[0].gpll~PLL_OUTPUT_COUNTER|divclk'
Slack : 19.554
TNS   : 0.000

Type  : Fast 1100mV 0C Model Setup 'MOUSE:inst6|MOUSE_CLK_FILTER'
Slack : -3.854
TNS   : -129.093

Type  : Fast 1100mV 0C Model Setup 'VGA_SYNC:inst2|vert_sync_out'
Slack : -3.489
TNS   : -218.209

Type  : Fast 1100mV 0C Model Setup 'SW0'
Slack : -3.115
TNS   : -15.340

Type  : Fast 1100mV 0C Model Setup 'inst|pll_inst|altera_pll_i|general[0].gpll~PLL_OUTPUT_COUNTER|divclk'
Slack : -2.898
TNS   : -21.284

Type  : Fast 1100mV 0C Model Setup 'level_fsm:inst20|state.impossible'
Slack : -2.477
TNS   : -21.887

Type  : Fast 1100mV 0C Model Hold 'inst|pll_inst|altera_pll_i|general[0].gpll~PLL_OUTPUT_COUNTER|divclk'
Slack : -2.369
TNS   : -12.345

Type  : Fast 1100mV 0C Model Hold 'VGA_SYNC:inst2|vert_sync_out'
Slack : -0.308
TNS   : -0.504

Type  : Fast 1100mV 0C Model Hold 'SW0'
Slack : 0.075
TNS   : 0.000

Type  : Fast 1100mV 0C Model Hold 'MOUSE:inst6|MOUSE_CLK_FILTER'
Slack : 0.254
TNS   : 0.000

Type  : Fast 1100mV 0C Model Hold 'level_fsm:inst20|state.impossible'
Slack : 0.382
TNS   : 0.000

Type  : Fast 1100mV 0C Model Recovery 'inst|pll_inst|altera_pll_i|general[0].gpll~PLL_OUTPUT_COUNTER|divclk'
Slack : -3.695
TNS   : -3.695

Type  : Fast 1100mV 0C Model Recovery 'MOUSE:inst6|MOUSE_CLK_FILTER'
Slack : -2.944
TNS   : -47.068

Type  : Fast 1100mV 0C Model Recovery 'level_fsm:inst20|state.impossible'
Slack : -0.806
TNS   : -7.092

Type  : Fast 1100mV 0C Model Recovery 'VGA_SYNC:inst2|vert_sync_out'
Slack : -0.781
TNS   : -7.805

Type  : Fast 1100mV 0C Model Removal 'inst|pll_inst|altera_pll_i|general[0].gpll~PLL_OUTPUT_COUNTER|divclk'
Slack : 0.197
TNS   : 0.000

Type  : Fast 1100mV 0C Model Removal 'level_fsm:inst20|state.impossible'
Slack : 0.291
TNS   : 0.000

Type  : Fast 1100mV 0C Model Removal 'VGA_SYNC:inst2|vert_sync_out'
Slack : 0.697
TNS   : 0.000

Type  : Fast 1100mV 0C Model Removal 'MOUSE:inst6|MOUSE_CLK_FILTER'
Slack : 2.790
TNS   : 0.000

Type  : Fast 1100mV 0C Model Minimum Pulse Width 'SW0'
Slack : -0.140
TNS   : -1.188

Type  : Fast 1100mV 0C Model Minimum Pulse Width 'level_fsm:inst20|state.impossible'
Slack : -0.082
TNS   : -0.652

Type  : Fast 1100mV 0C Model Minimum Pulse Width 'VGA_SYNC:inst2|vert_sync_out'
Slack : -0.055
TNS   : -0.436

Type  : Fast 1100mV 0C Model Minimum Pulse Width 'MOUSE:inst6|MOUSE_CLK_FILTER'
Slack : -0.009
TNS   : -0.009

Type  : Fast 1100mV 0C Model Minimum Pulse Width 'inst|pll_inst|altera_pll_i|general[0].gpll~FRACTIONAL_PLL|vcoph[0]'
Slack : 1.666
TNS   : 0.000

Type  : Fast 1100mV 0C Model Minimum Pulse Width 'clk'
Slack : 9.632
TNS   : 0.000

Type  : Fast 1100mV 0C Model Minimum Pulse Width 'inst|pll_inst|altera_pll_i|general[0].gpll~PLL_OUTPUT_COUNTER|divclk'
Slack : 19.547
TNS   : 0.000

------------------------------------------------------------
